// Jest Snapshot v1, https://goo.gl/fbAQLP

exports[`App component App after fetching current user should match snapshot 1`] = `
Object {
  "asFragment": [Function],
  "baseElement": <body
    data-theme="light"
  >
    <div>
      <div
        class="container"
      >
        <div
          class="content"
        >
          <header
            class="header"
          >
            <a
              class="logo"
              href="/"
            >
              <svg
                class="logoIcon"
                fill="currentColor"
                height="46"
                stroke="currentColor"
                stroke-width="0"
                viewBox="0 0 616 512"
                width="46"
                xmlns="http://www.w3.org/2000/svg"
              >
                <path
                  d="M602 118.6L537.1 15C531.3 5.7 521 0 510 0H106C95 0 84.7 5.7 78.9 15L14 118.6c-33.5 53.5-3.8 127.9 58.8 136.4 4.5.6 9.1.9 13.7.9 29.6 0 55.8-13 73.8-33.1 18 20.1 44.3 33.1 73.8 33.1 29.6 0 55.8-13 73.8-33.1 18 20.1 44.3 33.1 73.8 33.1 29.6 0 55.8-13 73.8-33.1 18.1 20.1 44.3 33.1 73.8 33.1 4.7 0 9.2-.3 13.7-.9 62.8-8.4 92.6-82.8 59-136.4zM529.5 288c-10 0-19.9-1.5-29.5-3.8V384H116v-99.8c-9.6 2.2-19.5 3.8-29.5 3.8-6 0-12.1-.4-18-1.2-5.6-.8-11.1-2.1-16.4-3.6V480c0 17.7 14.3 32 32 32h448c17.7 0 32-14.3 32-32V283.2c-5.4 1.6-10.8 2.9-16.4 3.6-6.1.8-12.1 1.2-18.2 1.2z"
                />
              </svg>
              <span
                class="logoText"
              >
                STUFFSTORE
              </span>
            </a>
            <div
              class="loginIcon"
            >
              <a
                href="/login"
              >
                <svg
                  class="infoIcon"
                  fill="currentColor"
                  height="18"
                  stroke="currentColor"
                  stroke-width="0"
                  viewBox="0 0 448 512"
                  width="18"
                  xmlns="http://www.w3.org/2000/svg"
                >
                  <path
                    d="M313.6 304c-28.7 0-42.5 16-89.6 16-47.1 0-60.8-16-89.6-16C60.2 304 0 364.2 0 438.4V464c0 26.5 21.5 48 48 48h352c26.5 0 48-21.5 48-48v-25.6c0-74.2-60.2-134.4-134.4-134.4zM400 464H48v-25.6c0-47.6 38.8-86.4 86.4-86.4 14.6 0 38.3 16 89.6 16 51.7 0 74.9-16 89.6-16 47.6 0 86.4 38.8 86.4 86.4V464zM224 288c79.5 0 144-64.5 144-144S303.5 0 224 0 80 64.5 80 144s64.5 144 144 144zm0-240c52.9 0 96 43.1 96 96s-43.1 96-96 96-96-43.1-96-96 43.1-96 96-96z"
                  />
                </svg>
              </a>
            </div>
          </header>
          <main>
            <div
              class="productsPage"
            >
              <div
                class="productsList"
              >
                <a
                  class="productCard"
                  href="/products/6436f461929d441e311b478a"
                >
                  <img
                    alt="product"
                    class="productCardImage"
                    src="https://i.dummyjson.com/data/products/1/1.jpg"
                  />
                  <h3>
                    iPhone 9
                  </h3>
                </a>
                <a
                  class="productCard"
                  href="/products/6436f461929d441e311b478b"
                >
                  <img
                    alt="product"
                    class="productCardImage"
                    src="https://i.dummyjson.com/data/products/2/1.jpg"
                  />
                  <h3>
                    iPhone X
                  </h3>
                </a>
                <a
                  class="productCard"
                  href="/products/6436f461929d441e311b478c"
                >
                  <img
                    alt="product"
                    class="productCardImage"
                    src="https://i.dummyjson.com/data/products/3/1.jpg"
                  />
                  <h3>
                    Samsung Universe 9
                  </h3>
                </a>
                <a
                  class="productCard"
                  href="/products/6436f461929d441e311b478d"
                >
                  <img
                    alt="product"
                    class="productCardImage"
                    src="https://i.dummyjson.com/data/products/4/1.jpg"
                  />
                  <h3>
                    OPPOF19
                  </h3>
                </a>
                <a
                  class="productCard"
                  href="/products/6436f461929d441e311b478e"
                >
                  <img
                    alt="product"
                    class="productCardImage"
                    src="https://i.dummyjson.com/data/products/5/1.jpg"
                  />
                  <h3>
                    Huawei P30
                  </h3>
                </a>
                <a
                  class="productCard"
                  href="/products/6436f461929d441e311b478f"
                >
                  <img
                    alt="product"
                    class="productCardImage"
                    src="https://i.dummyjson.com/data/products/6/1.png"
                  />
                  <h3>
                    MacBook Pro
                  </h3>
                </a>
                <a
                  class="productCard"
                  href="/products/6436f461929d441e311b4790"
                >
                  <img
                    alt="product"
                    class="productCardImage"
                    src="https://i.dummyjson.com/data/products/7/1.jpg"
                  />
                  <h3>
                    Samsung Galaxy Book
                  </h3>
                </a>
                <a
                  class="productCard"
                  href="/products/6436f461929d441e311b4791"
                >
                  <img
                    alt="product"
                    class="productCardImage"
                    src="https://i.dummyjson.com/data/products/8/1.jpg"
                  />
                  <h3>
                    Microsoft Surface Laptop 4
                  </h3>
                </a>
                <a
                  class="productCard"
                  href="/products/6436f461929d441e311b4792"
                >
                  <img
                    alt="product"
                    class="productCardImage"
                    src="https://i.dummyjson.com/data/products/9/1.jpg"
                  />
                  <h3>
                    Infinix INBOOK
                  </h3>
                </a>
                <a
                  class="productCard"
                  href="/products/6436f461929d441e311b4793"
                >
                  <img
                    alt="product"
                    class="productCardImage"
                    src="https://i.dummyjson.com/data/products/10/1.jpg"
                  />
                  <h3>
                    HP Pavilion 15-DK1056WM
                  </h3>
                </a>
                <a
                  class="productCard"
                  href="/products/6436f461929d441e311b4794"
                >
                  <img
                    alt="product"
                    class="productCardImage"
                    src="https://i.dummyjson.com/data/products/11/1.jpg"
                  />
                  <h3>
                    perfume Oil
                  </h3>
                </a>
                <a
                  class="productCard"
                  href="/products/6436f461929d441e311b4795"
                >
                  <img
                    alt="product"
                    class="productCardImage"
                    src="https://i.dummyjson.com/data/products/12/1.jpg"
                  />
                  <h3>
                    Brown Perfume
                  </h3>
                </a>
                <a
                  class="productCard"
                  href="/products/6436f461929d441e311b4796"
                >
                  <img
                    alt="product"
                    class="productCardImage"
                    src="https://i.dummyjson.com/data/products/13/1.jpg"
                  />
                  <h3>
                    Fog Scent Xpressio Perfume
                  </h3>
                </a>
                <a
                  class="productCard"
                  href="/products/6436f461929d441e311b4797"
                >
                  <img
                    alt="product"
                    class="productCardImage"
                    src="https://i.dummyjson.com/data/products/14/1.jpg"
                  />
                  <h3>
                    Non-Alcoholic Concentrated Perfume Oil
                  </h3>
                </a>
                <a
                  class="productCard"
                  href="/products/6436f461929d441e311b4798"
                >
                  <img
                    alt="product"
                    class="productCardImage"
                    src="https://i.dummyjson.com/data/products/15/1.jpg"
                  />
                  <h3>
                    Eau De Perfume Spray
                  </h3>
                </a>
                <a
                  class="productCard"
                  href="/products/6436f461929d441e311b4799"
                >
                  <img
                    alt="product"
                    class="productCardImage"
                    src="https://i.dummyjson.com/data/products/16/1.png"
                  />
                  <h3>
                    Hyaluronic Acid Serum
                  </h3>
                </a>
                <a
                  class="productCard"
                  href="/products/6436f461929d441e311b479a"
                >
                  <img
                    alt="product"
                    class="productCardImage"
                    src="https://i.dummyjson.com/data/products/17/1.jpg"
                  />
                  <h3>
                    Tree Oil 30ml
                  </h3>
                </a>
                <a
                  class="productCard"
                  href="/products/6436f461929d441e311b479b"
                >
                  <img
                    alt="product"
                    class="productCardImage"
                    src="https://i.dummyjson.com/data/products/18/1.jpg"
                  />
                  <h3>
                    Oil Free Moisturizer 100ml
                  </h3>
                </a>
                <a
                  class="productCard"
                  href="/products/6436f461929d441e311b479c"
                >
                  <img
                    alt="product"
                    class="productCardImage"
                    src="https://i.dummyjson.com/data/products/19/1.jpg"
                  />
                  <h3>
                    Skin Beauty Serum.
                  </h3>
                </a>
                <a
                  class="productCard"
                  href="/products/6436f461929d441e311b479d"
                >
                  <img
                    alt="product"
                    class="productCardImage"
                    src="https://i.dummyjson.com/data/products/20/1.jpg"
                  />
                  <h3>
                    Freckle Treatment Cream- 15gm
                  </h3>
                </a>
                <a
                  class="productCard"
                  href="/products/6436f461929d441e311b479e"
                >
                  <img
                    alt="product"
                    class="productCardImage"
                    src="https://i.dummyjson.com/data/products/21/1.png"
                  />
                  <h3>
                    - Daal Masoor 500 grams
                  </h3>
                </a>
                <a
                  class="productCard"
                  href="/products/6436f461929d441e311b479f"
                >
                  <img
                    alt="product"
                    class="productCardImage"
                    src="https://i.dummyjson.com/data/products/22/1.jpg"
                  />
                  <h3>
                    Elbow Macaroni - 400 gm
                  </h3>
                </a>
                <a
                  class="productCard"
                  href="/products/6436f461929d441e311b47a0"
                >
                  <img
                    alt="product"
                    class="productCardImage"
                    src="https://i.dummyjson.com/data/products/23/1.jpg"
                  />
                  <h3>
                    Orange Essence Food Flavou
                  </h3>
                </a>
                <a
                  class="productCard"
                  href="/products/6436f461929d441e311b47a1"
                >
                  <img
                    alt="product"
                    class="productCardImage"
                    src="https://i.dummyjson.com/data/products/24/1.jpg"
                  />
                  <h3>
                    cereals muesli fruit nuts
                  </h3>
                </a>
                <a
                  class="productCard"
                  href="/products/6436f461929d441e311b47a2"
                >
                  <img
                    alt="product"
                    class="productCardImage"
                    src="https://i.dummyjson.com/data/products/25/1.png"
                  />
                  <h3>
                    Gulab Powder 50 Gram
                  </h3>
                </a>
                <a
                  class="productCard"
                  href="/products/6436f461929d441e311b47a3"
                >
                  <img
                    alt="product"
                    class="productCardImage"
                    src="https://i.dummyjson.com/data/products/26/1.jpg"
                  />
                  <h3>
                    Plant Hanger For Home
                  </h3>
                </a>
                <a
                  class="productCard"
                  href="/products/6436f461929d441e311b47a4"
                >
                  <img
                    alt="product"
                    class="productCardImage"
                    src="https://i.dummyjson.com/data/products/27/1.jpg"
                  />
                  <h3>
                    Flying Wooden Bird
                  </h3>
                </a>
                <a
                  class="productCard"
                  href="/products/6436f461929d441e311b47a5"
                >
                  <img
                    alt="product"
                    class="productCardImage"
                    src="https://i.dummyjson.com/data/products/28/1.jpg"
                  />
                  <h3>
                    3D Embellishment Art Lamp
                  </h3>
                </a>
                <a
                  class="productCard"
                  href="/products/6436f461929d441e311b47a6"
                >
                  <img
                    alt="product"
                    class="productCardImage"
                    src="https://i.dummyjson.com/data/products/29/1.jpg"
                  />
                  <h3>
                    Handcraft Chinese style
                  </h3>
                </a>
                <a
                  class="productCard"
                  href="/products/6436f461929d441e311b47a7"
                >
                  <img
                    alt="product"
                    class="productCardImage"
                    src="https://i.dummyjson.com/data/products/30/1.jpg"
                  />
                  <h3>
                    Key Holder
                  </h3>
                </a>
                <a
                  class="productCard"
                  href="/products/6436f461929d441e311b47a8"
                >
                  <img
                    alt="product"
                    class="productCardImage"
                    src="https://i.dummyjson.com/data/products/31/1.jpg"
                  />
                  <h3>
                    Mornadi Velvet Bed
                  </h3>
                </a>
                <a
                  class="productCard"
                  href="/products/6436f461929d441e311b47a9"
                >
                  <img
                    alt="product"
                    class="productCardImage"
                    src="https://i.dummyjson.com/data/products/32/1.jpg"
                  />
                  <h3>
                    Sofa for Coffe Cafe
                  </h3>
                </a>
                <a
                  class="productCard"
                  href="/products/6436f461929d441e311b47aa"
                >
                  <img
                    alt="product"
                    class="productCardImage"
                    src="https://i.dummyjson.com/data/products/33/1.jpg"
                  />
                  <h3>
                    3 Tier Corner Shelves
                  </h3>
                </a>
                <a
                  class="productCard"
                  href="/products/6436f461929d441e311b47ab"
                >
                  <img
                    alt="product"
                    class="productCardImage"
                    src="https://i.dummyjson.com/data/products/34/1.jpg"
                  />
                  <h3>
                    Plastic Table
                  </h3>
                </a>
                <a
                  class="productCard"
                  href="/products/6436f461929d441e311b47ac"
                >
                  <img
                    alt="product"
                    class="productCardImage"
                    src="https://i.dummyjson.com/data/products/35/1.jpg"
                  />
                  <h3>
                    3 DOOR PORTABLE
                  </h3>
                </a>
                <a
                  class="productCard"
                  href="/products/6436f461929d441e311b47ad"
                >
                  <img
                    alt="product"
                    class="productCardImage"
                    src="https://i.dummyjson.com/data/products/36/1.jpg"
                  />
                  <h3>
                    Sleeve Shirt Womens
                  </h3>
                </a>
                <a
                  class="productCard"
                  href="/products/6436f461929d441e311b47ae"
                >
                  <img
                    alt="product"
                    class="productCardImage"
                    src="https://i.dummyjson.com/data/products/37/1.jpg"
                  />
                  <h3>
                    ank Tops for Womens/Girls
                  </h3>
                </a>
                <a
                  class="productCard"
                  href="/products/6436f461929d441e311b47af"
                >
                  <img
                    alt="product"
                    class="productCardImage"
                    src="https://i.dummyjson.com/data/products/38/1.png"
                  />
                  <h3>
                    sublimation plain kids tank
                  </h3>
                </a>
                <a
                  class="productCard"
                  href="/products/6436f461929d441e311b47b0"
                >
                  <img
                    alt="product"
                    class="productCardImage"
                    src="https://i.dummyjson.com/data/products/39/1.jpg"
                  />
                  <h3>
                    Women Sweaters Wool
                  </h3>
                </a>
                <a
                  class="productCard"
                  href="/products/6436f461929d441e311b47b1"
                >
                  <img
                    alt="product"
                    class="productCardImage"
                    src="https://i.dummyjson.com/data/products/40/1.jpg"
                  />
                  <h3>
                    women winter clothes
                  </h3>
                </a>
                <a
                  class="productCard"
                  href="/products/6436f461929d441e311b47b2"
                >
                  <img
                    alt="product"
                    class="productCardImage"
                    src="https://i.dummyjson.com/data/products/41/1.jpg"
                  />
                  <h3>
                    NIGHT SUIT
                  </h3>
                </a>
                <a
                  class="productCard"
                  href="/products/6436f461929d441e311b47b3"
                >
                  <img
                    alt="product"
                    class="productCardImage"
                    src="https://i.dummyjson.com/data/products/42/1.png"
                  />
                  <h3>
                    Stiched Kurta plus trouser
                  </h3>
                </a>
                <a
                  class="productCard"
                  href="/products/6436f461929d441e311b47b4"
                >
                  <img
                    alt="product"
                    class="productCardImage"
                    src="https://i.dummyjson.com/data/products/43/1.jpg"
                  />
                  <h3>
                    frock gold printed
                  </h3>
                </a>
                <a
                  class="productCard"
                  href="/products/6436f461929d441e311b47b5"
                >
                  <img
                    alt="product"
                    class="productCardImage"
                    src="https://i.dummyjson.com/data/products/44/1.jpg"
                  />
                  <h3>
                    Ladies Multicolored Dress
                  </h3>
                </a>
                <a
                  class="productCard"
                  href="/products/6436f461929d441e311b47b6"
                >
                  <img
                    alt="product"
                    class="productCardImage"
                    src="https://i.dummyjson.com/data/products/45/1.jpg"
                  />
                  <h3>
                    Malai Maxi Dress
                  </h3>
                </a>
                <a
                  class="productCard"
                  href="/products/6436f461929d441e311b47b7"
                >
                  <img
                    alt="product"
                    class="productCardImage"
                    src="https://i.dummyjson.com/data/products/46/1.webp"
                  />
                  <h3>
                    women's shoes
                  </h3>
                </a>
                <a
                  class="productCard"
                  href="/products/6436f461929d441e311b47b8"
                >
                  <img
                    alt="product"
                    class="productCardImage"
                    src="https://i.dummyjson.com/data/products/47/1.jpg"
                  />
                  <h3>
                    Sneaker shoes
                  </h3>
                </a>
                <a
                  class="productCard"
                  href="/products/6436f461929d441e311b47b9"
                >
                  <img
                    alt="product"
                    class="productCardImage"
                    src="https://i.dummyjson.com/data/products/48/1.jpg"
                  />
                  <h3>
                    Women Strip Heel
                  </h3>
                </a>
                <a
                  class="productCard"
                  href="/products/6436f461929d441e311b47ba"
                >
                  <img
                    alt="product"
                    class="productCardImage"
                    src="https://i.dummyjson.com/data/products/49/1.jpg"
                  />
                  <h3>
                    Chappals & Shoe Ladies Metallic
                  </h3>
                </a>
                <a
                  class="productCard"
                  href="/products/6436f461929d441e311b47bb"
                >
                  <img
                    alt="product"
                    class="productCardImage"
                    src="https://i.dummyjson.com/data/products/50/1.jpeg"
                  />
                  <h3>
                    Women Shoes
                  </h3>
                </a>
                <a
                  class="productCard"
                  href="/products/6436f461929d441e311b47bc"
                >
                  <img
                    alt="product"
                    class="productCardImage"
                    src="https://i.dummyjson.com/data/products/51/1.png"
                  />
                  <h3>
                    half sleeves T shirts
                  </h3>
                </a>
                <a
                  class="productCard"
                  href="/products/6436f461929d441e311b47bd"
                >
                  <img
                    alt="product"
                    class="productCardImage"
                    src="https://i.dummyjson.com/data/products/52/1.png"
                  />
                  <h3>
                    FREE FIRE T Shirt
                  </h3>
                </a>
                <a
                  class="productCard"
                  href="/products/6436f461929d441e311b47be"
                >
                  <img
                    alt="product"
                    class="productCardImage"
                    src="https://i.dummyjson.com/data/products/53/1.webp"
                  />
                  <h3>
                    printed high quality T shirts
                  </h3>
                </a>
                <a
                  class="productCard"
                  href="/products/6436f461929d441e311b47bf"
                >
                  <img
                    alt="product"
                    class="productCardImage"
                    src="https://i.dummyjson.com/data/products/54/1.jpg"
                  />
                  <h3>
                    Pubg Printed Graphic T-Shirt
                  </h3>
                </a>
                <a
                  class="productCard"
                  href="/products/6436f461929d441e311b47c0"
                >
                  <img
                    alt="product"
                    class="productCardImage"
                    src="https://i.dummyjson.com/data/products/55/1.jpg"
                  />
                  <h3>
                    Money Heist Printed Summer T Shirts
                  </h3>
                </a>
                <a
                  class="productCard"
                  href="/products/6436f461929d441e311b47c1"
                >
                  <img
                    alt="product"
                    class="productCardImage"
                    src="https://i.dummyjson.com/data/products/56/1.jpg"
                  />
                  <h3>
                    Sneakers Joggers Shoes
                  </h3>
                </a>
                <a
                  class="productCard"
                  href="/products/6436f461929d441e311b47c2"
                >
                  <img
                    alt="product"
                    class="productCardImage"
                    src="https://i.dummyjson.com/data/products/57/1.jpg"
                  />
                  <h3>
                    Loafers for men
                  </h3>
                </a>
                <a
                  class="productCard"
                  href="/products/6436f461929d441e311b47c3"
                >
                  <img
                    alt="product"
                    class="productCardImage"
                    src="https://i.dummyjson.com/data/products/58/1.jpg"
                  />
                  <h3>
                    formal offices shoes
                  </h3>
                </a>
                <a
                  class="productCard"
                  href="/products/6436f461929d441e311b47c4"
                >
                  <img
                    alt="product"
                    class="productCardImage"
                    src="https://i.dummyjson.com/data/products/59/1.jpg"
                  />
                  <h3>
                    Spring and summershoes
                  </h3>
                </a>
                <a
                  class="productCard"
                  href="/products/6436f461929d441e311b47c5"
                >
                  <img
                    alt="product"
                    class="productCardImage"
                    src="https://i.dummyjson.com/data/products/60/1.jpg"
                  />
                  <h3>
                    Stylish Casual Jeans Shoes
                  </h3>
                </a>
                <a
                  class="productCard"
                  href="/products/6436f461929d441e311b47c6"
                >
                  <img
                    alt="product"
                    class="productCardImage"
                    src="https://i.dummyjson.com/data/products/61/1.jpg"
                  />
                  <h3>
                    Leather Straps Wristwatch
                  </h3>
                </a>
                <a
                  class="productCard"
                  href="/products/6436f461929d441e311b47c7"
                >
                  <img
                    alt="product"
                    class="productCardImage"
                    src="https://i.dummyjson.com/data/products/62/1.jpg"
                  />
                  <h3>
                    Waterproof Leather Brand Watch
                  </h3>
                </a>
                <a
                  class="productCard"
                  href="/products/6436f461929d441e311b47c8"
                >
                  <img
                    alt="product"
                    class="productCardImage"
                    src="https://i.dummyjson.com/data/products/63/1.jpg"
                  />
                  <h3>
                    Royal Blue Premium Watch
                  </h3>
                </a>
                <a
                  class="productCard"
                  href="/products/6436f461929d441e311b47c9"
                >
                  <img
                    alt="product"
                    class="productCardImage"
                    src="https://i.dummyjson.com/data/products/64/1.jpg"
                  />
                  <h3>
                    Leather Strap Skeleton Watch
                  </h3>
                </a>
                <a
                  class="productCard"
                  href="/products/6436f461929d441e311b47ca"
                >
                  <img
                    alt="product"
                    class="productCardImage"
                    src="https://i.dummyjson.com/data/products/65/1.jpg"
                  />
                  <h3>
                    Stainless Steel Wrist Watch
                  </h3>
                </a>
                <a
                  class="productCard"
                  href="/products/6436f461929d441e311b47cb"
                >
                  <img
                    alt="product"
                    class="productCardImage"
                    src="https://i.dummyjson.com/data/products/66/1.jpg"
                  />
                  <h3>
                    Steel Analog Couple Watches
                  </h3>
                </a>
                <a
                  class="productCard"
                  href="/products/6436f461929d441e311b47cc"
                >
                  <img
                    alt="product"
                    class="productCardImage"
                    src="https://i.dummyjson.com/data/products/67/1.jpg"
                  />
                  <h3>
                    Fashion Magnetic Wrist Watch
                  </h3>
                </a>
                <a
                  class="productCard"
                  href="/products/6436f461929d441e311b47cd"
                >
                  <img
                    alt="product"
                    class="productCardImage"
                    src="https://i.dummyjson.com/data/products/68/1.jpg"
                  />
                  <h3>
                    Stylish Luxury Digital Watch
                  </h3>
                </a>
                <a
                  class="productCard"
                  href="/products/6436f461929d441e311b47ce"
                >
                  <img
                    alt="product"
                    class="productCardImage"
                    src="https://i.dummyjson.com/data/products/69/1.jpg"
                  />
                  <h3>
                    Golden Watch Pearls Bracelet Watch
                  </h3>
                </a>
                <a
                  class="productCard"
                  href="/products/6436f461929d441e311b47cf"
                >
                  <img
                    alt="product"
                    class="productCardImage"
                    src="https://i.dummyjson.com/data/products/70/1.jpg"
                  />
                  <h3>
                    Stainless Steel Women
                  </h3>
                </a>
                <a
                  class="productCard"
                  href="/products/6436f461929d441e311b47d0"
                >
                  <img
                    alt="product"
                    class="productCardImage"
                    src="https://i.dummyjson.com/data/products/71/1.jpg"
                  />
                  <h3>
                    Women Shoulder Bags
                  </h3>
                </a>
                <a
                  class="productCard"
                  href="/products/6436f461929d441e311b47d1"
                >
                  <img
                    alt="product"
                    class="productCardImage"
                    src="https://i.dummyjson.com/data/products/72/1.jpg"
                  />
                  <h3>
                    Handbag For Girls
                  </h3>
                </a>
                <a
                  class="productCard"
                  href="/products/6436f461929d441e311b47d2"
                >
                  <img
                    alt="product"
                    class="productCardImage"
                    src="https://i.dummyjson.com/data/products/73/1.jpg"
                  />
                  <h3>
                    Fancy hand clutch
                  </h3>
                </a>
                <a
                  class="productCard"
                  href="/products/6436f461929d441e311b47d3"
                >
                  <img
                    alt="product"
                    class="productCardImage"
                    src="https://i.dummyjson.com/data/products/74/1.jpg"
                  />
                  <h3>
                    Leather Hand Bag
                  </h3>
                </a>
                <a
                  class="productCard"
                  href="/products/6436f461929d441e311b47d4"
                >
                  <img
                    alt="product"
                    class="productCardImage"
                    src="https://i.dummyjson.com/data/products/75/1.jpg"
                  />
                  <h3>
                    Seven Pocket Women Bag
                  </h3>
                </a>
                <a
                  class="productCard"
                  href="/products/6436f461929d441e311b47d5"
                >
                  <img
                    alt="product"
                    class="productCardImage"
                    src="https://i.dummyjson.com/data/products/76/1.jpg"
                  />
                  <h3>
                    Silver Ring Set Women
                  </h3>
                </a>
                <a
                  class="productCard"
                  href="/products/6436f461929d441e311b47d6"
                >
                  <img
                    alt="product"
                    class="productCardImage"
                    src="https://i.dummyjson.com/data/products/77/1.jpg"
                  />
                  <h3>
                    Rose Ring
                  </h3>
                </a>
                <a
                  class="productCard"
                  href="/products/6436f461929d441e311b47d7"
                >
                  <img
                    alt="product"
                    class="productCardImage"
                    src="https://i.dummyjson.com/data/products/78/thumbnail.jpg"
                  />
                  <h3>
                    Rhinestone Korean Style Open Rings
                  </h3>
                </a>
                <a
                  class="productCard"
                  href="/products/6436f461929d441e311b47d8"
                >
                  <img
                    alt="product"
                    class="productCardImage"
                    src="https://i.dummyjson.com/data/products/79/1.jpg"
                  />
                  <h3>
                    Elegant Female Pearl Earrings
                  </h3>
                </a>
                <a
                  class="productCard"
                  href="/products/6436f461929d441e311b47d9"
                >
                  <img
                    alt="product"
                    class="productCardImage"
                    src="https://i.dummyjson.com/data/products/80/1.jpg"
                  />
                  <h3>
                    Chain Pin Tassel Earrings
                  </h3>
                </a>
                <a
                  class="productCard"
                  href="/products/6436f461929d441e311b47da"
                >
                  <img
                    alt="product"
                    class="productCardImage"
                    src="https://i.dummyjson.com/data/products/81/1.jpg"
                  />
                  <h3>
                    Round Silver Frame Sun Glasses
                  </h3>
                </a>
                <a
                  class="productCard"
                  href="/products/6436f461929d441e311b47db"
                >
                  <img
                    alt="product"
                    class="productCardImage"
                    src="https://i.dummyjson.com/data/products/82/1.jpg"
                  />
                  <h3>
                    Kabir Singh Square Sunglass
                  </h3>
                </a>
                <a
                  class="productCard"
                  href="/products/6436f461929d441e311b47dc"
                >
                  <img
                    alt="product"
                    class="productCardImage"
                    src="https://i.dummyjson.com/data/products/83/1.jpg"
                  />
                  <h3>
                    Wiley X Night Vision Yellow Glasses
                  </h3>
                </a>
                <a
                  class="productCard"
                  href="/products/6436f461929d441e311b47dd"
                >
                  <img
                    alt="product"
                    class="productCardImage"
                    src="https://i.dummyjson.com/data/products/84/1.jpg"
                  />
                  <h3>
                    Square Sunglasses
                  </h3>
                </a>
                <a
                  class="productCard"
                  href="/products/6436f461929d441e311b47de"
                >
                  <img
                    alt="product"
                    class="productCardImage"
                    src="https://i.dummyjson.com/data/products/85/1.jpg"
                  />
                  <h3>
                    LouisWill Men Sunglasses
                  </h3>
                </a>
                <a
                  class="productCard"
                  href="/products/6436f461929d441e311b47df"
                >
                  <img
                    alt="product"
                    class="productCardImage"
                    src="https://i.dummyjson.com/data/products/86/1.jpg"
                  />
                  <h3>
                    Bluetooth Aux
                  </h3>
                </a>
                <a
                  class="productCard"
                  href="/products/6436f461929d441e311b47e0"
                >
                  <img
                    alt="product"
                    class="productCardImage"
                    src="https://i.dummyjson.com/data/products/87/1.jpg"
                  />
                  <h3>
                    t Temperature Controller Incubator Controller
                  </h3>
                </a>
                <a
                  class="productCard"
                  href="/products/6436f461929d441e311b47e1"
                >
                  <img
                    alt="product"
                    class="productCardImage"
                    src="https://i.dummyjson.com/data/products/88/1.jpg"
                  />
                  <h3>
                    TC Reusable Silicone Magic Washing Gloves
                  </h3>
                </a>
                <a
                  class="productCard"
                  href="/products/6436f461929d441e311b47e2"
                >
                  <img
                    alt="product"
                    class="productCardImage"
                    src="https://i.dummyjson.com/data/products/89/1.jpg"
                  />
                  <h3>
                    Qualcomm original Car Charger
                  </h3>
                </a>
                <a
                  class="productCard"
                  href="/products/6436f461929d441e311b47e3"
                >
                  <img
                    alt="product"
                    class="productCardImage"
                    src="https://i.dummyjson.com/data/products/90/1.jpg"
                  />
                  <h3>
                    Cycle Bike Glow
                  </h3>
                </a>
                <a
                  class="productCard"
                  href="/products/6436f461929d441e311b47e4"
                >
                  <img
                    alt="product"
                    class="productCardImage"
                    src="https://i.dummyjson.com/data/products/91/1.jpg"
                  />
                  <h3>
                    Black Motorbike
                  </h3>
                </a>
                <a
                  class="productCard"
                  href="/products/6436f461929d441e311b47e5"
                >
                  <img
                    alt="product"
                    class="productCardImage"
                    src="https://i.dummyjson.com/data/products/92/1.jpg"
                  />
                  <h3>
                    HOT SALE IN EUROPE electric racing motorcycle
                  </h3>
                </a>
                <a
                  class="productCard"
                  href="/products/6436f461929d441e311b47e6"
                >
                  <img
                    alt="product"
                    class="productCardImage"
                    src="https://i.dummyjson.com/data/products/93/1.jpg"
                  />
                  <h3>
                    Automatic Motor Gas Motorcycles
                  </h3>
                </a>
                <a
                  class="productCard"
                  href="/products/6436f461929d441e311b47e7"
                >
                  <img
                    alt="product"
                    class="productCardImage"
                    src="https://i.dummyjson.com/data/products/94/1.webp"
                  />
                  <h3>
                    new arrivals Fashion motocross goggles
                  </h3>
                </a>
                <a
                  class="productCard"
                  href="/products/6436f461929d441e311b47e8"
                >
                  <img
                    alt="product"
                    class="productCardImage"
                    src="https://i.dummyjson.com/data/products/95/1.jpg"
                  />
                  <h3>
                    Wholesale cargo lashing Belt
                  </h3>
                </a>
                <a
                  class="productCard"
                  href="/products/6436f461929d441e311b47e9"
                >
                  <img
                    alt="product"
                    class="productCardImage"
                    src="https://i.dummyjson.com/data/products/96/1.jpg"
                  />
                  <h3>
                    lighting ceiling kitchen
                  </h3>
                </a>
                <a
                  class="productCard"
                  href="/products/6436f461929d441e311b47ea"
                >
                  <img
                    alt="product"
                    class="productCardImage"
                    src="https://i.dummyjson.com/data/products/97/1.jpg"
                  />
                  <h3>
                    Metal Ceramic Flower
                  </h3>
                </a>
                <a
                  class="productCard"
                  href="/products/6436f461929d441e311b47eb"
                >
                  <img
                    alt="product"
                    class="productCardImage"
                    src="https://i.dummyjson.com/data/products/98/1.jpg"
                  />
                  <h3>
                    3 lights lndenpant kitchen islang
                  </h3>
                </a>
                <a
                  class="productCard"
                  href="/products/6436f461929d441e311b47ec"
                >
                  <img
                    alt="product"
                    class="productCardImage"
                    src="https://i.dummyjson.com/data/products/99/1.jpg"
                  />
                  <h3>
                    American Vintage Wood Pendant Light
                  </h3>
                </a>
                <a
                  class="productCard"
                  href="/products/6436f461929d441e311b47ed"
                >
                  <img
                    alt="product"
                    class="productCardImage"
                    src="https://i.dummyjson.com/data/products/100/1.jpg"
                  />
                  <h3>
                    Crystal chandelier maria theresa for 12 light
                  </h3>
                </a>
              </div>
            </div>
          </main>
        </div>
        <footer
          class="footer"
        >
          <ul
            class="footerList"
          >
            <li>
              <a
                class="footerIcon"
                href="https://github.com/Fedor4994"
                rel="noopender noreferrer"
                target="_blank"
              >
                <svg
                  fill="currentColor"
                  height="16"
                  stroke="currentColor"
                  stroke-width="0"
                  viewBox="0 0 640 512"
                  width="16"
                  xmlns="http://www.w3.org/2000/svg"
                >
                  <path
                    d="M278.9 511.5l-61-17.7c-6.4-1.8-10-8.5-8.2-14.9L346.2 8.7c1.8-6.4 8.5-10 14.9-8.2l61 17.7c6.4 1.8 10 8.5 8.2 14.9L293.8 503.3c-1.9 6.4-8.5 10.1-14.9 8.2zm-114-112.2l43.5-46.4c4.6-4.9 4.3-12.7-.8-17.2L117 256l90.6-79.7c5.1-4.5 5.5-12.3.8-17.2l-43.5-46.4c-4.5-4.8-12.1-5.1-17-.5L3.8 247.2c-5.1 4.7-5.1 12.8 0 17.5l144.1 135.1c4.9 4.6 12.5 4.4 17-.5zm327.2.6l144.1-135.1c5.1-4.7 5.1-12.8 0-17.5L492.1 112.1c-4.8-4.5-12.4-4.3-17 .5L431.6 159c-4.6 4.9-4.3 12.7.8 17.2L523 256l-90.6 79.7c-5.1 4.5-5.5 12.3-.8 17.2l43.5 46.4c4.5 4.9 12.1 5.1 17 .6z"
                  />
                </svg>
                <span>
                  GitHub
                </span>
              </a>
            </li>
            <li>
              <button
                class="themeSwitcher"
              >
                <svg
                  fill="currentColor"
                  height="16"
                  stroke="currentColor"
                  stroke-width="0"
                  viewBox="0 0 512 512"
                  width="16"
                  xmlns="http://www.w3.org/2000/svg"
                >
                  <path
                    d="M283.211 512c78.962 0 151.079-35.925 198.857-94.792 7.068-8.708-.639-21.43-11.562-19.35-124.203 23.654-238.262-71.576-238.262-196.954 0-72.222 38.662-138.635 101.498-174.394 9.686-5.512 7.25-20.197-3.756-22.23A258.156 258.156 0 0 0 283.211 0c-141.309 0-256 114.511-256 256 0 141.309 114.511 256 256 256z"
                  />
                </svg>
                <span>
                  DARK
                </span>
              </button>
            </li>
          </ul>
        </footer>
      </div>
    </div>
  </body>,
  "container": <div>
    <div
      class="container"
    >
      <div
        class="content"
      >
        <header
          class="header"
        >
          <a
            class="logo"
            href="/"
          >
            <svg
              class="logoIcon"
              fill="currentColor"
              height="46"
              stroke="currentColor"
              stroke-width="0"
              viewBox="0 0 616 512"
              width="46"
              xmlns="http://www.w3.org/2000/svg"
            >
              <path
                d="M602 118.6L537.1 15C531.3 5.7 521 0 510 0H106C95 0 84.7 5.7 78.9 15L14 118.6c-33.5 53.5-3.8 127.9 58.8 136.4 4.5.6 9.1.9 13.7.9 29.6 0 55.8-13 73.8-33.1 18 20.1 44.3 33.1 73.8 33.1 29.6 0 55.8-13 73.8-33.1 18 20.1 44.3 33.1 73.8 33.1 29.6 0 55.8-13 73.8-33.1 18.1 20.1 44.3 33.1 73.8 33.1 4.7 0 9.2-.3 13.7-.9 62.8-8.4 92.6-82.8 59-136.4zM529.5 288c-10 0-19.9-1.5-29.5-3.8V384H116v-99.8c-9.6 2.2-19.5 3.8-29.5 3.8-6 0-12.1-.4-18-1.2-5.6-.8-11.1-2.1-16.4-3.6V480c0 17.7 14.3 32 32 32h448c17.7 0 32-14.3 32-32V283.2c-5.4 1.6-10.8 2.9-16.4 3.6-6.1.8-12.1 1.2-18.2 1.2z"
              />
            </svg>
            <span
              class="logoText"
            >
              STUFFSTORE
            </span>
          </a>
          <div
            class="loginIcon"
          >
            <a
              href="/login"
            >
              <svg
                class="infoIcon"
                fill="currentColor"
                height="18"
                stroke="currentColor"
                stroke-width="0"
                viewBox="0 0 448 512"
                width="18"
                xmlns="http://www.w3.org/2000/svg"
              >
                <path
                  d="M313.6 304c-28.7 0-42.5 16-89.6 16-47.1 0-60.8-16-89.6-16C60.2 304 0 364.2 0 438.4V464c0 26.5 21.5 48 48 48h352c26.5 0 48-21.5 48-48v-25.6c0-74.2-60.2-134.4-134.4-134.4zM400 464H48v-25.6c0-47.6 38.8-86.4 86.4-86.4 14.6 0 38.3 16 89.6 16 51.7 0 74.9-16 89.6-16 47.6 0 86.4 38.8 86.4 86.4V464zM224 288c79.5 0 144-64.5 144-144S303.5 0 224 0 80 64.5 80 144s64.5 144 144 144zm0-240c52.9 0 96 43.1 96 96s-43.1 96-96 96-96-43.1-96-96 43.1-96 96-96z"
                />
              </svg>
            </a>
          </div>
        </header>
        <main>
          <div
            class="productsPage"
          >
            <div
              class="productsList"
            >
              <a
                class="productCard"
                href="/products/6436f461929d441e311b478a"
              >
                <img
                  alt="product"
                  class="productCardImage"
                  src="https://i.dummyjson.com/data/products/1/1.jpg"
                />
                <h3>
                  iPhone 9
                </h3>
              </a>
              <a
                class="productCard"
                href="/products/6436f461929d441e311b478b"
              >
                <img
                  alt="product"
                  class="productCardImage"
                  src="https://i.dummyjson.com/data/products/2/1.jpg"
                />
                <h3>
                  iPhone X
                </h3>
              </a>
              <a
                class="productCard"
                href="/products/6436f461929d441e311b478c"
              >
                <img
                  alt="product"
                  class="productCardImage"
                  src="https://i.dummyjson.com/data/products/3/1.jpg"
                />
                <h3>
                  Samsung Universe 9
                </h3>
              </a>
              <a
                class="productCard"
                href="/products/6436f461929d441e311b478d"
              >
                <img
                  alt="product"
                  class="productCardImage"
                  src="https://i.dummyjson.com/data/products/4/1.jpg"
                />
                <h3>
                  OPPOF19
                </h3>
              </a>
              <a
                class="productCard"
                href="/products/6436f461929d441e311b478e"
              >
                <img
                  alt="product"
                  class="productCardImage"
                  src="https://i.dummyjson.com/data/products/5/1.jpg"
                />
                <h3>
                  Huawei P30
                </h3>
              </a>
              <a
                class="productCard"
                href="/products/6436f461929d441e311b478f"
              >
                <img
                  alt="product"
                  class="productCardImage"
                  src="https://i.dummyjson.com/data/products/6/1.png"
                />
                <h3>
                  MacBook Pro
                </h3>
              </a>
              <a
                class="productCard"
                href="/products/6436f461929d441e311b4790"
              >
                <img
                  alt="product"
                  class="productCardImage"
                  src="https://i.dummyjson.com/data/products/7/1.jpg"
                />
                <h3>
                  Samsung Galaxy Book
                </h3>
              </a>
              <a
                class="productCard"
                href="/products/6436f461929d441e311b4791"
              >
                <img
                  alt="product"
                  class="productCardImage"
                  src="https://i.dummyjson.com/data/products/8/1.jpg"
                />
                <h3>
                  Microsoft Surface Laptop 4
                </h3>
              </a>
              <a
                class="productCard"
                href="/products/6436f461929d441e311b4792"
              >
                <img
                  alt="product"
                  class="productCardImage"
                  src="https://i.dummyjson.com/data/products/9/1.jpg"
                />
                <h3>
                  Infinix INBOOK
                </h3>
              </a>
              <a
                class="productCard"
                href="/products/6436f461929d441e311b4793"
              >
                <img
                  alt="product"
                  class="productCardImage"
                  src="https://i.dummyjson.com/data/products/10/1.jpg"
                />
                <h3>
                  HP Pavilion 15-DK1056WM
                </h3>
              </a>
              <a
                class="productCard"
                href="/products/6436f461929d441e311b4794"
              >
                <img
                  alt="product"
                  class="productCardImage"
                  src="https://i.dummyjson.com/data/products/11/1.jpg"
                />
                <h3>
                  perfume Oil
                </h3>
              </a>
              <a
                class="productCard"
                href="/products/6436f461929d441e311b4795"
              >
                <img
                  alt="product"
                  class="productCardImage"
                  src="https://i.dummyjson.com/data/products/12/1.jpg"
                />
                <h3>
                  Brown Perfume
                </h3>
              </a>
              <a
                class="productCard"
                href="/products/6436f461929d441e311b4796"
              >
                <img
                  alt="product"
                  class="productCardImage"
                  src="https://i.dummyjson.com/data/products/13/1.jpg"
                />
                <h3>
                  Fog Scent Xpressio Perfume
                </h3>
              </a>
              <a
                class="productCard"
                href="/products/6436f461929d441e311b4797"
              >
                <img
                  alt="product"
                  class="productCardImage"
                  src="https://i.dummyjson.com/data/products/14/1.jpg"
                />
                <h3>
                  Non-Alcoholic Concentrated Perfume Oil
                </h3>
              </a>
              <a
                class="productCard"
                href="/products/6436f461929d441e311b4798"
              >
                <img
                  alt="product"
                  class="productCardImage"
                  src="https://i.dummyjson.com/data/products/15/1.jpg"
                />
                <h3>
                  Eau De Perfume Spray
                </h3>
              </a>
              <a
                class="productCard"
                href="/products/6436f461929d441e311b4799"
              >
                <img
                  alt="product"
                  class="productCardImage"
                  src="https://i.dummyjson.com/data/products/16/1.png"
                />
                <h3>
                  Hyaluronic Acid Serum
                </h3>
              </a>
              <a
                class="productCard"
                href="/products/6436f461929d441e311b479a"
              >
                <img
                  alt="product"
                  class="productCardImage"
                  src="https://i.dummyjson.com/data/products/17/1.jpg"
                />
                <h3>
                  Tree Oil 30ml
                </h3>
              </a>
              <a
                class="productCard"
                href="/products/6436f461929d441e311b479b"
              >
                <img
                  alt="product"
                  class="productCardImage"
                  src="https://i.dummyjson.com/data/products/18/1.jpg"
                />
                <h3>
                  Oil Free Moisturizer 100ml
                </h3>
              </a>
              <a
                class="productCard"
                href="/products/6436f461929d441e311b479c"
              >
                <img
                  alt="product"
                  class="productCardImage"
                  src="https://i.dummyjson.com/data/products/19/1.jpg"
                />
                <h3>
                  Skin Beauty Serum.
                </h3>
              </a>
              <a
                class="productCard"
                href="/products/6436f461929d441e311b479d"
              >
                <img
                  alt="product"
                  class="productCardImage"
                  src="https://i.dummyjson.com/data/products/20/1.jpg"
                />
                <h3>
                  Freckle Treatment Cream- 15gm
                </h3>
              </a>
              <a
                class="productCard"
                href="/products/6436f461929d441e311b479e"
              >
                <img
                  alt="product"
                  class="productCardImage"
                  src="https://i.dummyjson.com/data/products/21/1.png"
                />
                <h3>
                  - Daal Masoor 500 grams
                </h3>
              </a>
              <a
                class="productCard"
                href="/products/6436f461929d441e311b479f"
              >
                <img
                  alt="product"
                  class="productCardImage"
                  src="https://i.dummyjson.com/data/products/22/1.jpg"
                />
                <h3>
                  Elbow Macaroni - 400 gm
                </h3>
              </a>
              <a
                class="productCard"
                href="/products/6436f461929d441e311b47a0"
              >
                <img
                  alt="product"
                  class="productCardImage"
                  src="https://i.dummyjson.com/data/products/23/1.jpg"
                />
                <h3>
                  Orange Essence Food Flavou
                </h3>
              </a>
              <a
                class="productCard"
                href="/products/6436f461929d441e311b47a1"
              >
                <img
                  alt="product"
                  class="productCardImage"
                  src="https://i.dummyjson.com/data/products/24/1.jpg"
                />
                <h3>
                  cereals muesli fruit nuts
                </h3>
              </a>
              <a
                class="productCard"
                href="/products/6436f461929d441e311b47a2"
              >
                <img
                  alt="product"
                  class="productCardImage"
                  src="https://i.dummyjson.com/data/products/25/1.png"
                />
                <h3>
                  Gulab Powder 50 Gram
                </h3>
              </a>
              <a
                class="productCard"
                href="/products/6436f461929d441e311b47a3"
              >
                <img
                  alt="product"
                  class="productCardImage"
                  src="https://i.dummyjson.com/data/products/26/1.jpg"
                />
                <h3>
                  Plant Hanger For Home
                </h3>
              </a>
              <a
                class="productCard"
                href="/products/6436f461929d441e311b47a4"
              >
                <img
                  alt="product"
                  class="productCardImage"
                  src="https://i.dummyjson.com/data/products/27/1.jpg"
                />
                <h3>
                  Flying Wooden Bird
                </h3>
              </a>
              <a
                class="productCard"
                href="/products/6436f461929d441e311b47a5"
              >
                <img
                  alt="product"
                  class="productCardImage"
                  src="https://i.dummyjson.com/data/products/28/1.jpg"
                />
                <h3>
                  3D Embellishment Art Lamp
                </h3>
              </a>
              <a
                class="productCard"
                href="/products/6436f461929d441e311b47a6"
              >
                <img
                  alt="product"
                  class="productCardImage"
                  src="https://i.dummyjson.com/data/products/29/1.jpg"
                />
                <h3>
                  Handcraft Chinese style
                </h3>
              </a>
              <a
                class="productCard"
                href="/products/6436f461929d441e311b47a7"
              >
                <img
                  alt="product"
                  class="productCardImage"
                  src="https://i.dummyjson.com/data/products/30/1.jpg"
                />
                <h3>
                  Key Holder
                </h3>
              </a>
              <a
                class="productCard"
                href="/products/6436f461929d441e311b47a8"
              >
                <img
                  alt="product"
                  class="productCardImage"
                  src="https://i.dummyjson.com/data/products/31/1.jpg"
                />
                <h3>
                  Mornadi Velvet Bed
                </h3>
              </a>
              <a
                class="productCard"
                href="/products/6436f461929d441e311b47a9"
              >
                <img
                  alt="product"
                  class="productCardImage"
                  src="https://i.dummyjson.com/data/products/32/1.jpg"
                />
                <h3>
                  Sofa for Coffe Cafe
                </h3>
              </a>
              <a
                class="productCard"
                href="/products/6436f461929d441e311b47aa"
              >
                <img
                  alt="product"
                  class="productCardImage"
                  src="https://i.dummyjson.com/data/products/33/1.jpg"
                />
                <h3>
                  3 Tier Corner Shelves
                </h3>
              </a>
              <a
                class="productCard"
                href="/products/6436f461929d441e311b47ab"
              >
                <img
                  alt="product"
                  class="productCardImage"
                  src="https://i.dummyjson.com/data/products/34/1.jpg"
                />
                <h3>
                  Plastic Table
                </h3>
              </a>
              <a
                class="productCard"
                href="/products/6436f461929d441e311b47ac"
              >
                <img
                  alt="product"
                  class="productCardImage"
                  src="https://i.dummyjson.com/data/products/35/1.jpg"
                />
                <h3>
                  3 DOOR PORTABLE
                </h3>
              </a>
              <a
                class="productCard"
                href="/products/6436f461929d441e311b47ad"
              >
                <img
                  alt="product"
                  class="productCardImage"
                  src="https://i.dummyjson.com/data/products/36/1.jpg"
                />
                <h3>
                  Sleeve Shirt Womens
                </h3>
              </a>
              <a
                class="productCard"
                href="/products/6436f461929d441e311b47ae"
              >
                <img
                  alt="product"
                  class="productCardImage"
                  src="https://i.dummyjson.com/data/products/37/1.jpg"
                />
                <h3>
                  ank Tops for Womens/Girls
                </h3>
              </a>
              <a
                class="productCard"
                href="/products/6436f461929d441e311b47af"
              >
                <img
                  alt="product"
                  class="productCardImage"
                  src="https://i.dummyjson.com/data/products/38/1.png"
                />
                <h3>
                  sublimation plain kids tank
                </h3>
              </a>
              <a
                class="productCard"
                href="/products/6436f461929d441e311b47b0"
              >
                <img
                  alt="product"
                  class="productCardImage"
                  src="https://i.dummyjson.com/data/products/39/1.jpg"
                />
                <h3>
                  Women Sweaters Wool
                </h3>
              </a>
              <a
                class="productCard"
                href="/products/6436f461929d441e311b47b1"
              >
                <img
                  alt="product"
                  class="productCardImage"
                  src="https://i.dummyjson.com/data/products/40/1.jpg"
                />
                <h3>
                  women winter clothes
                </h3>
              </a>
              <a
                class="productCard"
                href="/products/6436f461929d441e311b47b2"
              >
                <img
                  alt="product"
                  class="productCardImage"
                  src="https://i.dummyjson.com/data/products/41/1.jpg"
                />
                <h3>
                  NIGHT SUIT
                </h3>
              </a>
              <a
                class="productCard"
                href="/products/6436f461929d441e311b47b3"
              >
                <img
                  alt="product"
                  class="productCardImage"
                  src="https://i.dummyjson.com/data/products/42/1.png"
                />
                <h3>
                  Stiched Kurta plus trouser
                </h3>
              </a>
              <a
                class="productCard"
                href="/products/6436f461929d441e311b47b4"
              >
                <img
                  alt="product"
                  class="productCardImage"
                  src="https://i.dummyjson.com/data/products/43/1.jpg"
                />
                <h3>
                  frock gold printed
                </h3>
              </a>
              <a
                class="productCard"
                href="/products/6436f461929d441e311b47b5"
              >
                <img
                  alt="product"
                  class="productCardImage"
                  src="https://i.dummyjson.com/data/products/44/1.jpg"
                />
                <h3>
                  Ladies Multicolored Dress
                </h3>
              </a>
              <a
                class="productCard"
                href="/products/6436f461929d441e311b47b6"
              >
                <img
                  alt="product"
                  class="productCardImage"
                  src="https://i.dummyjson.com/data/products/45/1.jpg"
                />
                <h3>
                  Malai Maxi Dress
                </h3>
              </a>
              <a
                class="productCard"
                href="/products/6436f461929d441e311b47b7"
              >
                <img
                  alt="product"
                  class="productCardImage"
                  src="https://i.dummyjson.com/data/products/46/1.webp"
                />
                <h3>
                  women's shoes
                </h3>
              </a>
              <a
                class="productCard"
                href="/products/6436f461929d441e311b47b8"
              >
                <img
                  alt="product"
                  class="productCardImage"
                  src="https://i.dummyjson.com/data/products/47/1.jpg"
                />
                <h3>
                  Sneaker shoes
                </h3>
              </a>
              <a
                class="productCard"
                href="/products/6436f461929d441e311b47b9"
              >
                <img
                  alt="product"
                  class="productCardImage"
                  src="https://i.dummyjson.com/data/products/48/1.jpg"
                />
                <h3>
                  Women Strip Heel
                </h3>
              </a>
              <a
                class="productCard"
                href="/products/6436f461929d441e311b47ba"
              >
                <img
                  alt="product"
                  class="productCardImage"
                  src="https://i.dummyjson.com/data/products/49/1.jpg"
                />
                <h3>
                  Chappals & Shoe Ladies Metallic
                </h3>
              </a>
              <a
                class="productCard"
                href="/products/6436f461929d441e311b47bb"
              >
                <img
                  alt="product"
                  class="productCardImage"
                  src="https://i.dummyjson.com/data/products/50/1.jpeg"
                />
                <h3>
                  Women Shoes
                </h3>
              </a>
              <a
                class="productCard"
                href="/products/6436f461929d441e311b47bc"
              >
                <img
                  alt="product"
                  class="productCardImage"
                  src="https://i.dummyjson.com/data/products/51/1.png"
                />
                <h3>
                  half sleeves T shirts
                </h3>
              </a>
              <a
                class="productCard"
                href="/products/6436f461929d441e311b47bd"
              >
                <img
                  alt="product"
                  class="productCardImage"
                  src="https://i.dummyjson.com/data/products/52/1.png"
                />
                <h3>
                  FREE FIRE T Shirt
                </h3>
              </a>
              <a
                class="productCard"
                href="/products/6436f461929d441e311b47be"
              >
                <img
                  alt="product"
                  class="productCardImage"
                  src="https://i.dummyjson.com/data/products/53/1.webp"
                />
                <h3>
                  printed high quality T shirts
                </h3>
              </a>
              <a
                class="productCard"
                href="/products/6436f461929d441e311b47bf"
              >
                <img
                  alt="product"
                  class="productCardImage"
                  src="https://i.dummyjson.com/data/products/54/1.jpg"
                />
                <h3>
                  Pubg Printed Graphic T-Shirt
                </h3>
              </a>
              <a
                class="productCard"
                href="/products/6436f461929d441e311b47c0"
              >
                <img
                  alt="product"
                  class="productCardImage"
                  src="https://i.dummyjson.com/data/products/55/1.jpg"
                />
                <h3>
                  Money Heist Printed Summer T Shirts
                </h3>
              </a>
              <a
                class="productCard"
                href="/products/6436f461929d441e311b47c1"
              >
                <img
                  alt="product"
                  class="productCardImage"
                  src="https://i.dummyjson.com/data/products/56/1.jpg"
                />
                <h3>
                  Sneakers Joggers Shoes
                </h3>
              </a>
              <a
                class="productCard"
                href="/products/6436f461929d441e311b47c2"
              >
                <img
                  alt="product"
                  class="productCardImage"
                  src="https://i.dummyjson.com/data/products/57/1.jpg"
                />
                <h3>
                  Loafers for men
                </h3>
              </a>
              <a
                class="productCard"
                href="/products/6436f461929d441e311b47c3"
              >
                <img
                  alt="product"
                  class="productCardImage"
                  src="https://i.dummyjson.com/data/products/58/1.jpg"
                />
                <h3>
                  formal offices shoes
                </h3>
              </a>
              <a
                class="productCard"
                href="/products/6436f461929d441e311b47c4"
              >
                <img
                  alt="product"
                  class="productCardImage"
                  src="https://i.dummyjson.com/data/products/59/1.jpg"
                />
                <h3>
                  Spring and summershoes
                </h3>
              </a>
              <a
                class="productCard"
                href="/products/6436f461929d441e311b47c5"
              >
                <img
                  alt="product"
                  class="productCardImage"
                  src="https://i.dummyjson.com/data/products/60/1.jpg"
                />
                <h3>
                  Stylish Casual Jeans Shoes
                </h3>
              </a>
              <a
                class="productCard"
                href="/products/6436f461929d441e311b47c6"
              >
                <img
                  alt="product"
                  class="productCardImage"
                  src="https://i.dummyjson.com/data/products/61/1.jpg"
                />
                <h3>
                  Leather Straps Wristwatch
                </h3>
              </a>
              <a
                class="productCard"
                href="/products/6436f461929d441e311b47c7"
              >
                <img
                  alt="product"
                  class="productCardImage"
                  src="https://i.dummyjson.com/data/products/62/1.jpg"
                />
                <h3>
                  Waterproof Leather Brand Watch
                </h3>
              </a>
              <a
                class="productCard"
                href="/products/6436f461929d441e311b47c8"
              >
                <img
                  alt="product"
                  class="productCardImage"
                  src="https://i.dummyjson.com/data/products/63/1.jpg"
                />
                <h3>
                  Royal Blue Premium Watch
                </h3>
              </a>
              <a
                class="productCard"
                href="/products/6436f461929d441e311b47c9"
              >
                <img
                  alt="product"
                  class="productCardImage"
                  src="https://i.dummyjson.com/data/products/64/1.jpg"
                />
                <h3>
                  Leather Strap Skeleton Watch
                </h3>
              </a>
              <a
                class="productCard"
                href="/products/6436f461929d441e311b47ca"
              >
                <img
                  alt="product"
                  class="productCardImage"
                  src="https://i.dummyjson.com/data/products/65/1.jpg"
                />
                <h3>
                  Stainless Steel Wrist Watch
                </h3>
              </a>
              <a
                class="productCard"
                href="/products/6436f461929d441e311b47cb"
              >
                <img
                  alt="product"
                  class="productCardImage"
                  src="https://i.dummyjson.com/data/products/66/1.jpg"
                />
                <h3>
                  Steel Analog Couple Watches
                </h3>
              </a>
              <a
                class="productCard"
                href="/products/6436f461929d441e311b47cc"
              >
                <img
                  alt="product"
                  class="productCardImage"
                  src="https://i.dummyjson.com/data/products/67/1.jpg"
                />
                <h3>
                  Fashion Magnetic Wrist Watch
                </h3>
              </a>
              <a
                class="productCard"
                href="/products/6436f461929d441e311b47cd"
              >
                <img
                  alt="product"
                  class="productCardImage"
                  src="https://i.dummyjson.com/data/products/68/1.jpg"
                />
                <h3>
                  Stylish Luxury Digital Watch
                </h3>
              </a>
              <a
                class="productCard"
                href="/products/6436f461929d441e311b47ce"
              >
                <img
                  alt="product"
                  class="productCardImage"
                  src="https://i.dummyjson.com/data/products/69/1.jpg"
                />
                <h3>
                  Golden Watch Pearls Bracelet Watch
                </h3>
              </a>
              <a
                class="productCard"
                href="/products/6436f461929d441e311b47cf"
              >
                <img
                  alt="product"
                  class="productCardImage"
                  src="https://i.dummyjson.com/data/products/70/1.jpg"
                />
                <h3>
                  Stainless Steel Women
                </h3>
              </a>
              <a
                class="productCard"
                href="/products/6436f461929d441e311b47d0"
              >
                <img
                  alt="product"
                  class="productCardImage"
                  src="https://i.dummyjson.com/data/products/71/1.jpg"
                />
                <h3>
                  Women Shoulder Bags
                </h3>
              </a>
              <a
                class="productCard"
                href="/products/6436f461929d441e311b47d1"
              >
                <img
                  alt="product"
                  class="productCardImage"
                  src="https://i.dummyjson.com/data/products/72/1.jpg"
                />
                <h3>
                  Handbag For Girls
                </h3>
              </a>
              <a
                class="productCard"
                href="/products/6436f461929d441e311b47d2"
              >
                <img
                  alt="product"
                  class="productCardImage"
                  src="https://i.dummyjson.com/data/products/73/1.jpg"
                />
                <h3>
                  Fancy hand clutch
                </h3>
              </a>
              <a
                class="productCard"
                href="/products/6436f461929d441e311b47d3"
              >
                <img
                  alt="product"
                  class="productCardImage"
                  src="https://i.dummyjson.com/data/products/74/1.jpg"
                />
                <h3>
                  Leather Hand Bag
                </h3>
              </a>
              <a
                class="productCard"
                href="/products/6436f461929d441e311b47d4"
              >
                <img
                  alt="product"
                  class="productCardImage"
                  src="https://i.dummyjson.com/data/products/75/1.jpg"
                />
                <h3>
                  Seven Pocket Women Bag
                </h3>
              </a>
              <a
                class="productCard"
                href="/products/6436f461929d441e311b47d5"
              >
                <img
                  alt="product"
                  class="productCardImage"
                  src="https://i.dummyjson.com/data/products/76/1.jpg"
                />
                <h3>
                  Silver Ring Set Women
                </h3>
              </a>
              <a
                class="productCard"
                href="/products/6436f461929d441e311b47d6"
              >
                <img
                  alt="product"
                  class="productCardImage"
                  src="https://i.dummyjson.com/data/products/77/1.jpg"
                />
                <h3>
                  Rose Ring
                </h3>
              </a>
              <a
                class="productCard"
                href="/products/6436f461929d441e311b47d7"
              >
                <img
                  alt="product"
                  class="productCardImage"
                  src="https://i.dummyjson.com/data/products/78/thumbnail.jpg"
                />
                <h3>
                  Rhinestone Korean Style Open Rings
                </h3>
              </a>
              <a
                class="productCard"
                href="/products/6436f461929d441e311b47d8"
              >
                <img
                  alt="product"
                  class="productCardImage"
                  src="https://i.dummyjson.com/data/products/79/1.jpg"
                />
                <h3>
                  Elegant Female Pearl Earrings
                </h3>
              </a>
              <a
                class="productCard"
                href="/products/6436f461929d441e311b47d9"
              >
                <img
                  alt="product"
                  class="productCardImage"
                  src="https://i.dummyjson.com/data/products/80/1.jpg"
                />
                <h3>
                  Chain Pin Tassel Earrings
                </h3>
              </a>
              <a
                class="productCard"
                href="/products/6436f461929d441e311b47da"
              >
                <img
                  alt="product"
                  class="productCardImage"
                  src="https://i.dummyjson.com/data/products/81/1.jpg"
                />
                <h3>
                  Round Silver Frame Sun Glasses
                </h3>
              </a>
              <a
                class="productCard"
                href="/products/6436f461929d441e311b47db"
              >
                <img
                  alt="product"
                  class="productCardImage"
                  src="https://i.dummyjson.com/data/products/82/1.jpg"
                />
                <h3>
                  Kabir Singh Square Sunglass
                </h3>
              </a>
              <a
                class="productCard"
                href="/products/6436f461929d441e311b47dc"
              >
                <img
                  alt="product"
                  class="productCardImage"
                  src="https://i.dummyjson.com/data/products/83/1.jpg"
                />
                <h3>
                  Wiley X Night Vision Yellow Glasses
                </h3>
              </a>
              <a
                class="productCard"
                href="/products/6436f461929d441e311b47dd"
              >
                <img
                  alt="product"
                  class="productCardImage"
                  src="https://i.dummyjson.com/data/products/84/1.jpg"
                />
                <h3>
                  Square Sunglasses
                </h3>
              </a>
              <a
                class="productCard"
                href="/products/6436f461929d441e311b47de"
              >
                <img
                  alt="product"
                  class="productCardImage"
                  src="https://i.dummyjson.com/data/products/85/1.jpg"
                />
                <h3>
                  LouisWill Men Sunglasses
                </h3>
              </a>
              <a
                class="productCard"
                href="/products/6436f461929d441e311b47df"
              >
                <img
                  alt="product"
                  class="productCardImage"
                  src="https://i.dummyjson.com/data/products/86/1.jpg"
                />
                <h3>
                  Bluetooth Aux
                </h3>
              </a>
              <a
                class="productCard"
                href="/products/6436f461929d441e311b47e0"
              >
                <img
                  alt="product"
                  class="productCardImage"
                  src="https://i.dummyjson.com/data/products/87/1.jpg"
                />
                <h3>
                  t Temperature Controller Incubator Controller
                </h3>
              </a>
              <a
                class="productCard"
                href="/products/6436f461929d441e311b47e1"
              >
                <img
                  alt="product"
                  class="productCardImage"
                  src="https://i.dummyjson.com/data/products/88/1.jpg"
                />
                <h3>
                  TC Reusable Silicone Magic Washing Gloves
                </h3>
              </a>
              <a
                class="productCard"
                href="/products/6436f461929d441e311b47e2"
              >
                <img
                  alt="product"
                  class="productCardImage"
                  src="https://i.dummyjson.com/data/products/89/1.jpg"
                />
                <h3>
                  Qualcomm original Car Charger
                </h3>
              </a>
              <a
                class="productCard"
                href="/products/6436f461929d441e311b47e3"
              >
                <img
                  alt="product"
                  class="productCardImage"
                  src="https://i.dummyjson.com/data/products/90/1.jpg"
                />
                <h3>
                  Cycle Bike Glow
                </h3>
              </a>
              <a
                class="productCard"
                href="/products/6436f461929d441e311b47e4"
              >
                <img
                  alt="product"
                  class="productCardImage"
                  src="https://i.dummyjson.com/data/products/91/1.jpg"
                />
                <h3>
                  Black Motorbike
                </h3>
              </a>
              <a
                class="productCard"
                href="/products/6436f461929d441e311b47e5"
              >
                <img
                  alt="product"
                  class="productCardImage"
                  src="https://i.dummyjson.com/data/products/92/1.jpg"
                />
                <h3>
                  HOT SALE IN EUROPE electric racing motorcycle
                </h3>
              </a>
              <a
                class="productCard"
                href="/products/6436f461929d441e311b47e6"
              >
                <img
                  alt="product"
                  class="productCardImage"
                  src="https://i.dummyjson.com/data/products/93/1.jpg"
                />
                <h3>
                  Automatic Motor Gas Motorcycles
                </h3>
              </a>
              <a
                class="productCard"
                href="/products/6436f461929d441e311b47e7"
              >
                <img
                  alt="product"
                  class="productCardImage"
                  src="https://i.dummyjson.com/data/products/94/1.webp"
                />
                <h3>
                  new arrivals Fashion motocross goggles
                </h3>
              </a>
              <a
                class="productCard"
                href="/products/6436f461929d441e311b47e8"
              >
                <img
                  alt="product"
                  class="productCardImage"
                  src="https://i.dummyjson.com/data/products/95/1.jpg"
                />
                <h3>
                  Wholesale cargo lashing Belt
                </h3>
              </a>
              <a
                class="productCard"
                href="/products/6436f461929d441e311b47e9"
              >
                <img
                  alt="product"
                  class="productCardImage"
                  src="https://i.dummyjson.com/data/products/96/1.jpg"
                />
                <h3>
                  lighting ceiling kitchen
                </h3>
              </a>
              <a
                class="productCard"
                href="/products/6436f461929d441e311b47ea"
              >
                <img
                  alt="product"
                  class="productCardImage"
                  src="https://i.dummyjson.com/data/products/97/1.jpg"
                />
                <h3>
                  Metal Ceramic Flower
                </h3>
              </a>
              <a
                class="productCard"
                href="/products/6436f461929d441e311b47eb"
              >
                <img
                  alt="product"
                  class="productCardImage"
                  src="https://i.dummyjson.com/data/products/98/1.jpg"
                />
                <h3>
                  3 lights lndenpant kitchen islang
                </h3>
              </a>
              <a
                class="productCard"
                href="/products/6436f461929d441e311b47ec"
              >
                <img
                  alt="product"
                  class="productCardImage"
                  src="https://i.dummyjson.com/data/products/99/1.jpg"
                />
                <h3>
                  American Vintage Wood Pendant Light
                </h3>
              </a>
              <a
                class="productCard"
                href="/products/6436f461929d441e311b47ed"
              >
                <img
                  alt="product"
                  class="productCardImage"
                  src="https://i.dummyjson.com/data/products/100/1.jpg"
                />
                <h3>
                  Crystal chandelier maria theresa for 12 light
                </h3>
              </a>
            </div>
          </div>
        </main>
      </div>
      <footer
        class="footer"
      >
        <ul
          class="footerList"
        >
          <li>
            <a
              class="footerIcon"
              href="https://github.com/Fedor4994"
              rel="noopender noreferrer"
              target="_blank"
            >
              <svg
                fill="currentColor"
                height="16"
                stroke="currentColor"
                stroke-width="0"
                viewBox="0 0 640 512"
                width="16"
                xmlns="http://www.w3.org/2000/svg"
              >
                <path
                  d="M278.9 511.5l-61-17.7c-6.4-1.8-10-8.5-8.2-14.9L346.2 8.7c1.8-6.4 8.5-10 14.9-8.2l61 17.7c6.4 1.8 10 8.5 8.2 14.9L293.8 503.3c-1.9 6.4-8.5 10.1-14.9 8.2zm-114-112.2l43.5-46.4c4.6-4.9 4.3-12.7-.8-17.2L117 256l90.6-79.7c5.1-4.5 5.5-12.3.8-17.2l-43.5-46.4c-4.5-4.8-12.1-5.1-17-.5L3.8 247.2c-5.1 4.7-5.1 12.8 0 17.5l144.1 135.1c4.9 4.6 12.5 4.4 17-.5zm327.2.6l144.1-135.1c5.1-4.7 5.1-12.8 0-17.5L492.1 112.1c-4.8-4.5-12.4-4.3-17 .5L431.6 159c-4.6 4.9-4.3 12.7.8 17.2L523 256l-90.6 79.7c-5.1 4.5-5.5 12.3-.8 17.2l43.5 46.4c4.5 4.9 12.1 5.1 17 .6z"
                />
              </svg>
              <span>
                GitHub
              </span>
            </a>
          </li>
          <li>
            <button
              class="themeSwitcher"
            >
              <svg
                fill="currentColor"
                height="16"
                stroke="currentColor"
                stroke-width="0"
                viewBox="0 0 512 512"
                width="16"
                xmlns="http://www.w3.org/2000/svg"
              >
                <path
                  d="M283.211 512c78.962 0 151.079-35.925 198.857-94.792 7.068-8.708-.639-21.43-11.562-19.35-124.203 23.654-238.262-71.576-238.262-196.954 0-72.222 38.662-138.635 101.498-174.394 9.686-5.512 7.25-20.197-3.756-22.23A258.156 258.156 0 0 0 283.211 0c-141.309 0-256 114.511-256 256 0 141.309 114.511 256 256 256z"
                />
              </svg>
              <span>
                DARK
              </span>
            </button>
          </li>
        </ul>
      </footer>
    </div>
  </div>,
  "debug": [Function],
  "findAllByAltText": [Function],
  "findAllByDisplayValue": [Function],
  "findAllByLabelText": [Function],
  "findAllByPlaceholderText": [Function],
  "findAllByRole": [Function],
  "findAllByTestId": [Function],
  "findAllByText": [Function],
  "findAllByTitle": [Function],
  "findByAltText": [Function],
  "findByDisplayValue": [Function],
  "findByLabelText": [Function],
  "findByPlaceholderText": [Function],
  "findByRole": [Function],
  "findByTestId": [Function],
  "findByText": [Function],
  "findByTitle": [Function],
  "getAllByAltText": [Function],
  "getAllByDisplayValue": [Function],
  "getAllByLabelText": [Function],
  "getAllByPlaceholderText": [Function],
  "getAllByRole": [Function],
  "getAllByTestId": [Function],
  "getAllByText": [Function],
  "getAllByTitle": [Function],
  "getByAltText": [Function],
  "getByDisplayValue": [Function],
  "getByLabelText": [Function],
  "getByPlaceholderText": [Function],
  "getByRole": [Function],
  "getByTestId": [Function],
  "getByText": [Function],
  "getByTitle": [Function],
  "queryAllByAltText": [Function],
  "queryAllByDisplayValue": [Function],
  "queryAllByLabelText": [Function],
  "queryAllByPlaceholderText": [Function],
  "queryAllByRole": [Function],
  "queryAllByTestId": [Function],
  "queryAllByText": [Function],
  "queryAllByTitle": [Function],
  "queryByAltText": [Function],
  "queryByDisplayValue": [Function],
  "queryByLabelText": [Function],
  "queryByPlaceholderText": [Function],
  "queryByRole": [Function],
  "queryByTestId": [Function],
  "queryByText": [Function],
  "queryByTitle": [Function],
  "rerender": [Function],
  "unmount": [Function],
}
`;
